#! /c/Source/iverilog-install/bin/vvp
:ivl_version "12.0 (devel)" "(s20150603-1539-g2693dd32b)";
:ivl_delay_selection "TYPICAL";
:vpi_time_precision + 0;
:vpi_module "C:\iverilog\lib\ivl\system.vpi";
:vpi_module "C:\iverilog\lib\ivl\vhdl_sys.vpi";
:vpi_module "C:\iverilog\lib\ivl\vhdl_textio.vpi";
:vpi_module "C:\iverilog\lib\ivl\v2005_math.vpi";
:vpi_module "C:\iverilog\lib\ivl\va_math.vpi";
S_0000022043d9cbb0 .scope module, "aes_key_registers" "aes_key_registers" 2 1;
 .timescale 0 0;
    .port_info 0 /INPUT 1 "clk";
    .port_info 1 /INPUT 1 "reset";
    .port_info 2 /INPUT 32 "security_id";
    .port_info 3 /INPUT 128 "aes_key_in";
    .port_info 4 /INPUT 1 "write_enable";
    .port_info 5 /OUTPUT 128 "aes_key_out";
    .port_info 6 /OUTPUT 1 "transaction_status";
v0000022043db2b50_0 .var "AES_ENC_DEC_KEY_0", 31 0;
v0000022043db28d0_0 .var "AES_ENC_DEC_KEY_1", 31 0;
v0000022043d9cd40_0 .var "AES_ENC_DEC_KEY_2", 31 0;
v0000022043e30850_0 .var "AES_ENC_DEC_KEY_4", 31 0;
v0000022043e308f0_0 .var "AES_KEY_ACCESS_POLICY", 31 0;
o0000022043dec0c8 .functor BUFZ 128, C4<zzzzzzzzzzzzzzzzzzzzzzzzzzzzzzzzzzzzzzzzzzzzzzzzzzzzzzzzzzzzzzzzzzzzzzzzzzzzzzzzzzzzzzzzzzzzzzzzzzzzzzzzzzzzzzzzzzzzzzzzzzzzzzzz>; HiZ drive
v0000022043e30990_0 .net "aes_key_in", 127 0, o0000022043dec0c8;  0 drivers
v0000022043e30a30_0 .var "aes_key_out", 127 0;
o0000022043dec128 .functor BUFZ 1, C4<z>; HiZ drive
v0000022043e30ad0_0 .net "clk", 0 0, o0000022043dec128;  0 drivers
o0000022043dec158 .functor BUFZ 1, C4<z>; HiZ drive
v0000022043e30b70_0 .net "reset", 0 0, o0000022043dec158;  0 drivers
o0000022043dec188 .functor BUFZ 32, C4<zzzzzzzzzzzzzzzzzzzzzzzzzzzzzzzz>; HiZ drive
v0000022043e30c10_0 .net "security_id", 31 0, o0000022043dec188;  0 drivers
v0000022043e30cb0_0 .var "transaction_status", 0 0;
o0000022043dec1e8 .functor BUFZ 1, C4<z>; HiZ drive
v0000022043e30d50_0 .net "write_enable", 0 0, o0000022043dec1e8;  0 drivers
E_0000022043dea870 .event posedge, v0000022043e30b70_0, v0000022043e30ad0_0;
E_0000022043deabf0 .event anyedge, v0000022043e30850_0, v0000022043d9cd40_0, v0000022043db28d0_0, v0000022043db2b50_0;
    .scope S_0000022043d9cbb0;
T_0 ;
    %pushi/vec4 0, 0, 32;
    %store/vec4 v0000022043db2b50_0, 0, 32;
    %pushi/vec4 0, 0, 32;
    %store/vec4 v0000022043db28d0_0, 0, 32;
    %pushi/vec4 0, 0, 32;
    %store/vec4 v0000022043d9cd40_0, 0, 32;
    %pushi/vec4 0, 0, 32;
    %store/vec4 v0000022043e30850_0, 0, 32;
    %pushi/vec4 2, 0, 32;
    %store/vec4 v0000022043e308f0_0, 0, 32;
    %end;
    .thread T_0;
    .scope S_0000022043d9cbb0;
T_1 ;
    %wait E_0000022043deabf0;
    %load/vec4 v0000022043e30850_0;
    %load/vec4 v0000022043d9cd40_0;
    %concat/vec4; draw_concat_vec4
    %load/vec4 v0000022043db28d0_0;
    %concat/vec4; draw_concat_vec4
    %load/vec4 v0000022043db2b50_0;
    %concat/vec4; draw_concat_vec4
    %store/vec4 v0000022043e30a30_0, 0, 128;
    %jmp T_1;
    .thread T_1, $push;
    .scope S_0000022043d9cbb0;
T_2 ;
    %wait E_0000022043dea870;
    %load/vec4 v0000022043e30b70_0;
    %flag_set/vec4 8;
    %jmp/0xz  T_2.0, 8;
    %pushi/vec4 0, 0, 32;
    %assign/vec4 v0000022043db2b50_0, 0;
    %pushi/vec4 0, 0, 32;
    %assign/vec4 v0000022043db28d0_0, 0;
    %pushi/vec4 0, 0, 32;
    %assign/vec4 v0000022043d9cd40_0, 0;
    %pushi/vec4 0, 0, 32;
    %assign/vec4 v0000022043e30850_0, 0;
    %pushi/vec4 0, 0, 1;
    %assign/vec4 v0000022043e30cb0_0, 0;
    %jmp T_2.1;
T_2.0 ;
    %load/vec4 v0000022043e30d50_0;
    %flag_set/vec4 8;
    %jmp/0xz  T_2.2, 8;
    %load/vec4 v0000022043e308f0_0;
    %load/vec4 v0000022043e30c10_0;
    %part/u 1;
    %flag_set/vec4 8;
    %jmp/0xz  T_2.4, 8;
    %load/vec4 v0000022043e30990_0;
    %parti/s 32, 0, 2;
    %assign/vec4 v0000022043db2b50_0, 0;
    %load/vec4 v0000022043e30990_0;
    %parti/s 32, 32, 7;
    %assign/vec4 v0000022043db28d0_0, 0;
    %load/vec4 v0000022043e30990_0;
    %parti/s 32, 64, 8;
    %assign/vec4 v0000022043d9cd40_0, 0;
    %load/vec4 v0000022043e30990_0;
    %parti/s 32, 96, 8;
    %assign/vec4 v0000022043e30850_0, 0;
    %pushi/vec4 1, 0, 1;
    %assign/vec4 v0000022043e30cb0_0, 0;
    %jmp T_2.5;
T_2.4 ;
    %load/vec4 v0000022043db2b50_0;
    %assign/vec4 v0000022043db2b50_0, 0;
    %load/vec4 v0000022043db28d0_0;
    %assign/vec4 v0000022043db28d0_0, 0;
    %load/vec4 v0000022043d9cd40_0;
    %assign/vec4 v0000022043d9cd40_0, 0;
    %load/vec4 v0000022043e30850_0;
    %assign/vec4 v0000022043e30850_0, 0;
    %pushi/vec4 0, 0, 1;
    %assign/vec4 v0000022043e30cb0_0, 0;
T_2.5 ;
T_2.2 ;
T_2.1 ;
    %jmp T_2;
    .thread T_2;
# The file index is used to find the file name in the following table.
:file_names 3;
    "N/A";
    "<interactive>";
    "C:\Users\fan\AppData\Local\Temp\tmpdo21wd21.v";
